Archive member included to satisfy reference by file (symbol)

/home/jamster/esp/blink/build/cxx/libcxx.a(cxx_guards.o)
                              (__cxa_guard_dummy)
/home/jamster/esp/blink/build/cxx/libcxx.a(cxx_exception_stubs.o)
                              (__cxx_fatal_exception)
/home/jamster/esp/blink/build/esp32/libesp32.a(cpu_start.o)
                              (call_start_cpu0)
/home/jamster/esp/blink/build/esp32/libesp32.a(cache_err_int.o)
                              /home/jamster/esp/blink/build/esp32/libesp32.a(cpu_start.o) (esp_cache_err_int_init)
/home/jamster/esp/blink/build/esp32/libesp32.a(clk.o)
                              /home/jamster/esp/blink/build/esp32/libesp32.a(cpu_start.o) (esp_clk_init)
/home/jamster/esp/blink/build/esp32/libesp32.a(panic.o)
                              /home/jamster/esp/blink/build/cxx/libcxx.a(cxx_guards.o) (abort)
/home/jamster/esp/blink/build/esp32/libesp32.a(esp_err_to_name.o)
                              /home/jamster/esp/blink/build/esp32/libesp32.a(panic.o) (esp_err_to_name)
/home/jamster/esp/blink/build/esp32/libesp32.a(crosscore_int.o)
                              /home/jamster/esp/blink/build/esp32/libesp32.a(cpu_start.o) (esp_crosscore_int_init)
/home/jamster/esp/blink/build/esp32/libesp32.a(ipc.o)
                              /home/jamster/esp/blink/build/esp32/libesp32.a(cpu_start.o) (esp_ipc_init)
/home/jamster/esp/blink/build/esp32/libesp32.a(intr_alloc.o)
                              /home/jamster/esp/blink/build/esp32/libesp32.a(crosscore_int.o) (esp_intr_alloc)
/home/jamster/esp/blink/build/esp32/libesp32.a(int_wdt.o)
                              /home/jamster/esp/blink/build/esp32/libesp32.a(cpu_start.o) (esp_int_wdt_init)
/home/jamster/esp/blink/build/esp32/libesp32.a(pm_esp32.o)
                              /home/jamster/esp/blink/build/esp32/libesp32.a(cpu_start.o) (esp_pm_configure)
/home/jamster/esp/blink/build/esp32/libesp32.a(esp_timer.o)
                              /home/jamster/esp/blink/build/esp32/libesp32.a(cpu_start.o) (esp_timer_init)
/home/jamster/esp/blink/build/esp32/libesp32.a(dport_access.o)
                              /home/jamster/esp/blink/build/esp32/libesp32.a(cpu_start.o) (esp_dport_access_stall_other_cpu_start)
/home/jamster/esp/blink/build/esp32/libesp32.a(pm_locks.o)
                              /home/jamster/esp/blink/build/esp32/libesp32.a(pm_esp32.o) (esp_pm_lock_create)
/home/jamster/esp/blink/build/esp32/libesp32.a(brownout.o)
                              /home/jamster/esp/blink/build/esp32/libesp32.a(cpu_start.o) (esp_brownout_init)
/home/jamster/esp/blink/build/esp32/libesp32.a(dport_panic_highint_hdl.o)
                              (ld_include_panic_highint_hdl)
/home/jamster/esp/blink/build/esp32/libesp32.a(system_api.o)
                              /home/jamster/esp/blink/build/esp32/libesp32.a(panic.o) (esp_restart_noos)
/home/jamster/esp/blink/build/esp32/libesp32.a(task_wdt.o)
                              /home/jamster/esp/blink/build/esp32/libesp32.a(cpu_start.o) (esp_task_wdt_init)
/home/jamster/esp/blink/build/esp32/libesp32.a(dbg_stubs.o)
                              /home/jamster/esp/blink/build/esp32/libesp32.a(cpu_start.o) (esp_dbg_stubs_init)
/home/jamster/esp/blink/build/esp32/libesp32.a(esp_timer_esp32.o)
                              /home/jamster/esp/blink/build/esp32/libesp32.a(esp_timer.o) (esp_timer_impl_get_time)
/home/jamster/esp/blink/build/esp32/libesp32.a(freertos_hooks.o)
                              /home/jamster/esp/blink/build/esp32/libesp32.a(task_wdt.o) (esp_register_freertos_idle_hook_for_cpu)
/home/jamster/esp/esp-idf/components/esp32/libhal.a(int_asm--set_intclear.o)
                              /home/jamster/esp/blink/build/esp32/libesp32.a(intr_alloc.o) (xthal_set_intclear)
/home/jamster/esp/blink/build/freertos/libfreertos.a(xtensa_intr.o)
                              /home/jamster/esp/blink/build/esp32/libesp32.a(intr_alloc.o) (xt_unhandled_interrupt)
/home/jamster/esp/blink/build/freertos/libfreertos.a(queue.o)
                              /home/jamster/esp/blink/build/esp32/libesp32.a(ipc.o) (xQueueGenericCreate)
/home/jamster/esp/blink/build/freertos/libfreertos.a(list.o)
                              /home/jamster/esp/blink/build/freertos/libfreertos.a(queue.o) (vListInitialise)
/home/jamster/esp/blink/build/freertos/libfreertos.a(xtensa_init.o)
                              /home/jamster/esp/blink/build/esp32/libesp32.a(pm_esp32.o) (_xt_tick_divisor)
/home/jamster/esp/blink/build/freertos/libfreertos.a(port.o)
                              /home/jamster/esp/blink/build/esp32/libesp32.a(cpu_start.o) (port_xSchedulerRunning)
/home/jamster/esp/blink/build/freertos/libfreertos.a(tasks.o)
                              /home/jamster/esp/blink/build/esp32/libesp32.a(system_api.o) (vTaskSuspendAll)
/home/jamster/esp/blink/build/freertos/libfreertos.a(timers.o)
[...]
Memory Configuration

Name             Origin             Length             Attributes
iram0_0_seg      0x0000000040080000 0x0000000000020000 xr
iram0_2_seg      0x00000000400d0018 0x000000000032ffe8 xr
dram0_0_seg      0x000000003ffc0000 0x000000000001c200 rw
drom0_0_seg      0x000000003f400018 0x00000000003fffe8 r
rtc_iram_seg     0x00000000400c0000 0x0000000000002000 xrw
rtc_slow_seg     0x0000000050000000 0x0000000000001000 rw
*default*        0x0000000000000000 0xffffffffffffffff

Linker script and memory map

START GROUP
LOAD /home/jamster/esp/blink/build/app_trace/libapp_trace.a
LOAD /home/jamster/esp/blink/build/app_update/libapp_update.a
LOAD /home/jamster/esp/blink/build/asio/libasio.a
LOAD /home/jamster/esp/blink/build/bootloader_support/libbootloader_support.a
LOAD /home/jamster/esp/blink/build/bt/libbt.a
LOAD /home/jamster/esp/esp-idf/components/bt/lib/libbtdm_app.a
LOAD /home/jamster/esp/blink/build/coap/libcoap.a
LOAD /home/jamster/esp/blink/build/console/libconsole.a
LOAD /home/jamster/esp/blink/build/cxx/libcxx.a
LOAD /home/jamster/esp/blink/build/driver/libdriver.a
LOAD /home/jamster/esp/blink/build/esp-tls/libesp-tls.a
LOAD /home/jamster/esp/blink/build/esp32/libesp32.a
LOAD /home/jamster/esp/esp-idf/components/esp32/libhal.a
LOAD /home/jamster/esp/esp-idf/components/esp32/lib/libcore.a
LOAD /home/jamster/esp/esp-idf/components/esp32/lib/librtc.a
LOAD /home/jamster/esp/esp-idf/components/esp32/lib/libnet80211.a
LOAD /home/jamster/esp/esp-idf/components/esp32/lib/libpp.a
LOAD /home/jamster/esp/esp-idf/components/esp32/lib/libwpa.a
LOAD /home/jamster/esp/esp-idf/components/esp32/lib/libsmartconfig.a
LOAD /home/jamster/esp/esp-idf/components/esp32/lib/libcoexist.a
LOAD /home/jamster/esp/esp-idf/components/esp32/lib/libwps.a
LOAD /home/jamster/esp/esp-idf/components/esp32/lib/libwpa2.a
LOAD /home/jamster/esp/esp-idf/components/esp32/lib/libespnow.a
LOAD /home/jamster/esp/esp-idf/components/esp32/lib/libphy.a
LOAD /home/jamster/esp/esp-idf/components/esp32/lib/libmesh.a
LOAD /home/jamster/esp/blink/build/esp_adc_cal/libesp_adc_cal.a
LOAD /home/jamster/esp/blink/build/esp_http_client/libesp_http_client.a
LOAD /home/jamster/esp/blink/build/esp_https_ota/libesp_https_ota.a
LOAD /home/jamster/esp/blink/build/ethernet/libethernet.a
LOAD /home/jamster/esp/blink/build/expat/libexpat.a
LOAD /home/jamster/esp/blink/build/fatfs/libfatfs.a
LOAD /home/jamster/esp/blink/build/freertos/libfreertos.a
LOAD /home/jamster/esp/blink/build/heap/libheap.a
LOAD /home/jamster/esp/blink/build/http_server/libhttp_server.a
LOAD /home/jamster/esp/blink/build/idf_test/libidf_test.a
LOAD /home/jamster/esp/blink/build/jsmn/libjsmn.a
LOAD /home/jamster/esp/blink/build/json/libjson.a
LOAD /home/jamster/esp/blink/build/libsodium/liblibsodium.a
LOAD /home/jamster/esp/blink/build/log/liblog.a
LOAD /home/jamster/esp/blink/build/lwip/liblwip.a
LOAD /home/jamster/esp/blink/build/main/libmain.a
LOAD /home/jamster/esp/blink/build/mbedtls/libmbedtls.a
LOAD /home/jamster/esp/blink/build/mdns/libmdns.a
LOAD /home/jamster/esp/blink/build/micro-ecc/libmicro-ecc.a
LOAD /home/jamster/esp/esp-idf/components/newlib/lib/libc.a
LOAD /home/jamster/esp/esp-idf/components/newlib/lib/libm.a
LOAD /home/jamster/esp/blink/build/newlib/libnewlib.a
LOAD /home/jamster/esp/blink/build/nghttp/libnghttp.a
LOAD /home/jamster/esp/blink/build/nvs_flash/libnvs_flash.a
LOAD /home/jamster/esp/blink/build/openssl/libopenssl.a
LOAD /home/jamster/esp/blink/build/pthread/libpthread.a
LOAD /home/jamster/esp/blink/build/sdmmc/libsdmmc.a
LOAD /home/jamster/esp/blink/build/smartconfig_ack/libsmartconfig_ack.a
LOAD /home/jamster/esp/blink/build/soc/libsoc.a
LOAD /home/jamster/esp/blink/build/spi_flash/libspi_flash.a
LOAD /home/jamster/esp/blink/build/spiffs/libspiffs.a
LOAD /home/jamster/esp/blink/build/tcpip_adapter/libtcpip_adapter.a
LOAD /home/jamster/esp/blink/build/ulp/libulp.a
LOAD /home/jamster/esp/blink/build/vfs/libvfs.a
LOAD /home/jamster/esp/blink/build/wear_levelling/libwear_levelling.a
LOAD /home/jamster/esp/blink/build/wpa_supplicant/libwpa_supplicant.a
LOAD /home/jamster/esp/blink/build/xtensa-debug-module/libxtensa-debug-module.a
LOAD /home/jamster/esp/xtensa-esp32-elf/bin/../lib/gcc/xtensa-esp32-elf/5.2.0/libgcc.a
LOAD /home/jamster/esp/xtensa-esp32-elf/bin/../lib/gcc/xtensa-esp32-elf/5.2.0/../../../../xtensa-esp32-elf/lib/libstdc++.a
LOAD /home/jamster/esp/xtensa-esp32-elf/bin/../lib/gcc/xtensa-esp32-elf/5.2.0/libgcov.a
END GROUP
                0x0000000040000000                _heap_end = 0x40000000

.rtc.text       0x00000000400c0000        0x0
                0x00000000400c0000                . = ALIGN (0x4)
 *(.rtc.literal .rtc.text)
 *rtc_wake_stub*.o(.literal .text .literal.* .text.*)

.rtc.data       0x0000000050000000        0x0
                0x0000000050000000                _rtc_data_start = ABSOLUTE (.)
 *(.rtc.data)
 *(.rtc.rodata)
 *rtc_wake_stub*.o(.data .rodata .data.* .rodata.* .bss .bss.*)
                0x0000000050000000                _rtc_data_end = ABSOLUTE (.)

.rtc.bss        0x0000000050000000        0x0
                0x0000000050000000                _rtc_bss_start = ABSOLUTE (.)
 *rtc_wake_stub*.o(.bss .bss.*)
 *rtc_wake_stub*.o(COMMON)
                0x0000000050000000                _rtc_bss_end = ABSOLUTE (.)

.rtc_noinit     0x0000000050000000        0x0
                0x0000000050000000                . = ALIGN (0x4)
                0x0000000050000000                _rtc_noinit_start = ABSOLUTE (.)
 *(.rtc_noinit .rtc_noinit.*)
                0x0000000050000000                . = ALIGN (0x4)
                0x0000000050000000                _rtc_noinit_end = ABSOLUTE (.)

.iram0.vectors  0x0000000040080000      0x400
                0x0000000040080000                _iram_start = ABSOLUTE (.)
                0x0000000040080000                _init_start = ABSOLUTE (.)
                0x0000000000000000                . = 0x0
 *(.WindowVectors.text)
 .WindowVectors.text
                0x0000000040080000      0x16a /home/jamster/esp/blink/build/freertos/libfreertos.a(xtensa_vectors.o)
                0x0000000040080000                _WindowOverflow4
                0x0000000040080040                _WindowUnderflow4
                0x0000000040080050                _xt_alloca_exc
                0x0000000040080080                _WindowOverflow8
                0x00000000400800c0                _WindowUnderflow8
                0x0000000040080100                _WindowOverflow12
                0x0000000040080140                _WindowUnderflow12
                0x0000000000000180                . = 0x180
 *fill*         0x000000004008016a       0x16 
 *(.Level2InterruptVector.text)
 .Level2InterruptVector.text
                0x0000000040080180        0x6 /home/jamster/esp/blink/build/freertos/libfreertos.a(xtensa_vectors.o)
                0x0000000040080180                _Level2Vector
                0x00000000000001c0                . = 0x1c0
 *fill*         0x0000000040080186       0x3a 
 *(.Level3InterruptVector.text)
 .Level3InterruptVector.text
                0x00000000400801c0        0x6 /home/jamster/esp/blink/build/freertos/libfreertos.a(xtensa_vectors.o)
                0x00000000400801c0                _Level3Vector
                0x0000000000000200                . = 0x200
 *fill*         0x00000000400801c6       0x3a 
 *(.Level4InterruptVector.text)
 .Level4InterruptVector.text
                0x0000000040080200        0x6 /home/jamster/esp/blink/build/freertos/libfreertos.a(xtensa_vectors.o)
                0x0000000040080200                _Level4Vector
                0x0000000000000240                . = 0x240
 *fill*         0x0000000040080206       0x3a 
 *(.Level5InterruptVector.text)
 .Level5InterruptVector.text
                0x0000000040080240        0x6 /home/jamster/esp/blink/build/freertos/libfreertos.a(xtensa_vectors.o)
                0x0000000040080240                _Level5Vector
                0x0000000000000280                . = 0x280
 *fill*         0x0000000040080246       0x3a 
 *(.DebugExceptionVector.text)
 .DebugExceptionVector.text
                0x0000000040080280        0x6 /home/jamster/esp/blink/build/freertos/libfreertos.a(xtensa_vectors.o)
                0x0000000040080280                _DebugExceptionVector
                0x00000000000002c0                . = 0x2c0
 *fill*         0x0000000040080286       0x3a 
 *(.NMIExceptionVector.text)
 .NMIExceptionVector.text
                0x00000000400802c0        0x6 /home/jamster/esp/blink/build/freertos/libfreertos.a(xtensa_vectors.o)
                0x00000000400802c0                _NMIExceptionVector
                0x0000000000000300                . = 0x300
 *fill*         0x00000000400802c6       0x3a 
 *(.KernelExceptionVector.text)
 .KernelExceptionVector.text
                0x0000000040080300        0x6 /home/jamster/esp/blink/build/freertos/libfreertos.a(xtensa_vectors.o)
                0x0000000040080300                _KernelExceptionVector
                0x0000000000000340                . = 0x340
 *fill*         0x0000000040080306       0x3a 
 *(.UserExceptionVector.text)
 .UserExceptionVector.text
                0x0000000040080340        0x6 /home/jamster/esp/blink/build/freertos/libfreertos.a(xtensa_vectors.o)
                0x0000000040080340                _UserExceptionVector
                0x00000000000003c0                . = 0x3c0
 *fill*         0x0000000040080346       0x7a 
 *(.DoubleExceptionVector.text)
 .DoubleExceptionVector.text
                0x00000000400803c0        0xf /home/jamster/esp/blink/build/freertos/libfreertos.a(xtensa_vectors.o)
                0x00000000400803c0                _DoubleExceptionVector
                0x0000000000000400                . = 0x400
 *fill*         0x00000000400803cf       0x31 
 *(.*Vector.literal)
 *(.UserEnter.literal)
 *(.UserEnter.text)
                0x0000000040080400                . = ALIGN (0x10)
 *(.entry.text)
 *(.init.literal)
 *(.init)
                0x0000000040080400                _init_end = ABSOLUTE (.)

.iram0.text     0x0000000040080400     0x7f00
                0x0000000040080400                _iram_text_start = ABSOLUTE (.)
 *(.iram1 .iram1.*)
 .iram1.literal
                0x0000000040080400       0xbc /home/jamster/esp/blink/build/esp32/libesp32.a(cpu_start.o)
                                        0x1e4 (size before relaxing)
 .iram1.literal
                0x00000000400804bc        0xc /home/jamster/esp/blink/build/esp32/libesp32.a(cache_err_int.o)
                                         0x18 (size before relaxing)
 .iram1.literal
                0x00000000400804c8        0xc /home/jamster/esp/blink/build/esp32/libesp32.a(clk.o)
                                         0x18 (size before relaxing)
 .iram1.literal
                0x00000000400804d4       0x1c /home/jamster/esp/blink/build/esp32/libesp32.a(crosscore_int.o)
                                         0x40 (size before relaxing)
 .iram1.literal
                0x00000000400804f0       0x20 /home/jamster/esp/blink/build/esp32/libesp32.a(ipc.o)
                                         0x34 (size before relaxing)
 .iram1.literal
                0x0000000040080510       0x1c /home/jamster/esp/blink/build/esp32/libesp32.a(intr_alloc.o)
                                         0x7c (size before relaxing)
 .iram1.literal
                0x000000004008052c        0xc /home/jamster/esp/blink/build/esp32/libesp32.a(int_wdt.o)
 .iram1.literal
                0x0000000040080538       0x54 /home/jamster/esp/blink/build/esp32/libesp32.a(pm_esp32.o)
                                         0xa8 (size before relaxing)
 .iram1.literal
                0x000000004008058c       0x1c /home/jamster/esp/blink/build/esp32/libesp32.a(esp_timer.o)
                                         0x60 (size before relaxing)
 .iram1.literal
                0x00000000400805a8       0x38 /home/jamster/esp/blink/build/esp32/libesp32.a(dport_access.o)
                                         0x88 (size before relaxing)
 .iram1.literal
                0x00000000400805e0        0x0 /home/jamster/esp/blink/build/esp32/libesp32.a(pm_locks.o)
                                         0x28 (size before relaxing)
 .iram1.literal
                0x00000000400805e0       0x10 /home/jamster/esp/blink/build/esp32/libesp32.a(dport_panic_highint_hdl.o)
                                         0x28 (size before relaxing)
 .iram1.literal
                0x00000000400805f0       0x58 /home/jamster/esp/blink/build/esp32/libesp32.a(system_api.o)
                                         0xb4 (size before relaxing)
 .iram1.literal
                0x0000000040080648       0x60 /home/jamster/esp/blink/build/esp32/libesp32.a(esp_timer_esp32.o)
                                         0xec (size before relaxing)
 .iram1.literal
                0x00000000400806a8        0x4 /home/jamster/esp/blink/build/esp32/libesp32.a(freertos_hooks.o)
 .iram1.literal
                0x00000000400806ac        0x4 /home/jamster/esp/blink/build/freertos/libfreertos.a(port.o)
 .iram1.literal
                0x00000000400806b0       0x44 /home/jamster/esp/blink/build/freertos/libfreertos.a(xtensa_vectors.o)
                                         0x68 (size before relaxing)
 .iram1.literal
                0x00000000400806f4       0x5c /home/jamster/esp/blink/build/heap/libheap.a(heap_caps.o)
                                         0xa0 (size before relaxing)
 .iram1.literal
                0x0000000040080750       0x24 /home/jamster/esp/blink/build/log/liblog.a(log.o)
                                         0x48 (size before relaxing)
 .iram1.literal
                0x0000000040080774        0x8 /home/jamster/esp/blink/build/newlib/libnewlib.a(time.o)
                                         0x28 (size before relaxing)
 .iram1.literal
                0x000000004008077c        0x4 /home/jamster/esp/blink/build/newlib/libnewlib.a(syscalls.o)
                                         0x14 (size before relaxing)
 .iram1.literal
                0x0000000040080780        0x8 /home/jamster/esp/blink/build/newlib/libnewlib.a(reent_init.o)
                                         0x10 (size before relaxing)
 .iram1.literal
                0x0000000040080788       0x14 /home/jamster/esp/blink/build/newlib/libnewlib.a(locks.o)
                                         0x84 (size before relaxing)
 .iram1.literal
                0x000000004008079c       0x1c /home/jamster/esp/blink/build/soc/libsoc.a(cpu_util.o)
                                         0x30 (size before relaxing)
 .iram1.literal
                0x00000000400807b8       0x50 /home/jamster/esp/blink/build/spi_flash/libspi_flash.a(cache_utils.o)
                                        0x108 (size before relaxing)
 .iram1.literal
                0x0000000040080808       0x3c /home/jamster/esp/blink/build/spi_flash/libspi_flash.a(flash_ops.o)
                                         0xf4 (size before relaxing)
 .iram1.literal
                0x0000000040080844       0x48 /home/jamster/esp/blink/build/spi_flash/libspi_flash.a(flash_mmap.o)
                                         0xdc (size before relaxing)
 .literal.xt_unhandled_interrupt
                0x000000004008088c        0x4 /home/jamster/esp/blink/build/freertos/libfreertos.a(xtensa_intr.o)
                                          0x8 (size before relaxing)
 .literal.xt_set_interrupt_handler
                0x0000000040080890        0x8 /home/jamster/esp/blink/build/freertos/libfreertos.a(xtensa_intr.o)
                                          0xc (size before relaxing)
 .literal.prvCopyDataToQueue
                0x0000000040080898        0x0 /home/jamster/esp/blink/build/freertos/libfreertos.a(queue.o)
                                          0xc (size before relaxing)
 .literal.prvCopyDataFromQueue
                0x0000000040080898        0x0 /home/jamster/esp/blink/build/freertos/libfreertos.a(queue.o)
                                          0x4 (size before relaxing)
 .literal.prvNotifyQueueSetContainer
                0x0000000040080898       0x14 /home/jamster/esp/blink/build/freertos/libfreertos.a(queue.o)
                                         0x2c (size before relaxing)
 .literal.xQueueGenericReset
                0x00000000400808ac        0x4 /home/jamster/esp/blink/build/freertos/libfreertos.a(queue.o)
                                         0x30 (size before relaxing)
 .literal.xQueueGenericCreate
                0x00000000400808b0        0x4 /home/jamster/esp/blink/build/freertos/libfreertos.a(queue.o)
                                         0x1c (size before relaxing)
 .literal.xQueueGetMutexHolder
                0x00000000400808b4        0x0 /home/jamster/esp/blink/build/freertos/libfreertos.a(queue.o)
                                          0x8 (size before relaxing)
 .literal.xQueueCreateCountingSemaphore
                0x00000000400808b4        0x4 /home/jamster/esp/blink/build/freertos/libfreertos.a(queue.o)
                                         0x18 (size before relaxing)
 .literal.xQueueGenericSend
                0x00000000400808b8        0x4 /home/jamster/esp/blink/build/freertos/libfreertos.a(queue.o)
                                         0x60 (size before relaxing)
 .literal.xQueueCreateMutex
                0x00000000400808bc        0x0 /home/jamster/esp/blink/build/freertos/libfreertos.a(queue.o)
                                          0xc (size before relaxing)
 .literal.xQueueGiveMutexRecursive
                0x00000000400808bc        0x4 /home/jamster/esp/blink/build/freertos/libfreertos.a(queue.o)
                                         0x1c (size before relaxing)
 .literal.xQueueGenericSendFromISR
                0x00000000400808c0        0x4 /home/jamster/esp/blink/build/freertos/libfreertos.a(queue.o)
                                         0x2c (size before relaxing)
 .literal.xQueueGiveFromISR
                0x00000000400808c4        0x4 /home/jamster/esp/blink/build/freertos/libfreertos.a(queue.o)
                                         0x28 (size before relaxing)
 .literal.xQueueGenericReceive
                0x00000000400808c8        0x4 /home/jamster/esp/blink/build/freertos/libfreertos.a(queue.o)
                                         0x60 (size before relaxing)
 .literal.xQueueTakeMutexRecursive
                0x00000000400808cc        0x4 /home/jamster/esp/blink/build/freertos/libfreertos.a(queue.o)
                                         0x1c (size before relaxing)
 .literal.xQueueReceiveFromISR
                0x00000000400808d0        0x4 /home/jamster/esp/blink/build/freertos/libfreertos.a(queue.o)
                                         0x28 (size before relaxing)
 .literal.vQueueDelete
                0x00000000400808d4        0x4 /home/jamster/esp/blink/build/freertos/libfreertos.a(queue.o)
                                         0x18 (size before relaxing)
 .literal.vQueueWaitForMessageRestricted
                0x00000000400808d8        0x0 /home/jamster/esp/blink/build/freertos/libfreertos.a(queue.o)
                                          0xc (size before relaxing)
 .literal._xt_tick_divisor_init
                0x00000000400808d8        0x0 /home/jamster/esp/blink/build/freertos/libfreertos.a(xtensa_init.o)
                                          0xc (size before relaxing)
 .literal.pxPortInitialiseStack
                0x00000000400808d8       0x10 /home/jamster/esp/blink/build/freertos/libfreertos.a(port.o)
                                         0x18 (size before relaxing)
 .literal.xPortStartScheduler
                0x00000000400808e8        0x0 /home/jamster/esp/blink/build/freertos/libfreertos.a(port.o)
                                         0x14 (size before relaxing)
 .literal.xPortSysTickHandler
                0x00000000400808e8        0x0 /home/jamster/esp/blink/build/freertos/libfreertos.a(port.o)
                                          0x8 (size before relaxing)
 .literal.vPortYieldOtherCore
                0x00000000400808e8        0x0 /home/jamster/esp/blink/build/freertos/libfreertos.a(port.o)
                                          0x4 (size before relaxing)
 .literal.vPortReleaseTaskMPUSettings
                0x00000000400808e8        0x0 /home/jamster/esp/blink/build/freertos/libfreertos.a(port.o)
                                          0x4 (size before relaxing)
 .literal.xPortInIsrContext
                0x00000000400808e8        0x0 /home/jamster/esp/blink/build/freertos/libfreertos.a(port.o)
                                          0x8 (size before relaxing)
 .literal.vPortCPUInitializeMutex
                0x00000000400808e8        0x4 /home/jamster/esp/blink/build/freertos/libfreertos.a(port.o)
 .literal.vPortCPUAcquireMutex
                0x00000000400808ec       0x1c /home/jamster/esp/blink/build/freertos/libfreertos.a(port.o)
                                         0x28 (size before relaxing)
 .literal.vPortCPUReleaseMutex
                0x0000000040080908        0xc /home/jamster/esp/blink/build/freertos/libfreertos.a(port.o)
                                         0x1c (size before relaxing)
 .literal.prvInitialiseNewTask
                0x0000000040080914        0x0 /home/jamster/esp/blink/build/freertos/libfreertos.a(tasks.o)
                                         0x18 (size before relaxing)
 .literal.prvResetNextTaskUnblockTime
                0x0000000040080914        0x8 /home/jamster/esp/blink/build/freertos/libfreertos.a(tasks.o)
 .literal.prvDeleteTLS
                0x000000004008091c       0x10 /home/jamster/esp/blink/build/freertos/libfreertos.a(tasks.o)
                                         0x18 (size before relaxing)
 .literal.prvDeleteTCB
                0x000000004008092c        0x8 /home/jamster/esp/blink/build/freertos/libfreertos.a(tasks.o)
                                         0x28 (size before relaxing)
 .literal.prvAddCurrentTaskToDelayedList
                0x0000000040080934        0x8 /home/jamster/esp/blink/build/freertos/libfreertos.a(tasks.o)
                                         0x1c (size before relaxing)
 .literal.taskYIELD_OTHER_CORE
                0x000000004008093c        0x0 /home/jamster/esp/blink/build/freertos/libfreertos.a(tasks.o)
                                          0xc (size before relaxing)
 .literal.vTaskSuspendAll
                0x000000004008093c        0x4 /home/jamster/esp/blink/build/freertos/libfreertos.a(tasks.o)
                                          0x8 (size before relaxing)
 .literal.xTaskGetIdleTaskHandleForCPU
                0x0000000040080940        0xc /home/jamster/esp/blink/build/freertos/libfreertos.a(tasks.o)
                                         0x1c (size before relaxing)
 .literal.vTaskSwitchContext
                0x000000004008094c       0x1c /home/jamster/esp/blink/build/freertos/libfreertos.a(tasks.o)
                                         0x3c (size before relaxing)
 .literal.vTaskSetTimeOutState
                0x0000000040080968        0xc /home/jamster/esp/blink/build/freertos/libfreertos.a(tasks.o)
                                         0x20 (size before relaxing)
 .literal.xTaskGetCurrentTaskHandle
                0x0000000040080974        0x0 /home/jamster/esp/blink/build/freertos/libfreertos.a(tasks.o)
                                          0x8 (size before relaxing)
 .literal.__getreent
                0x0000000040080974        0x0 /home/jamster/esp/blink/build/freertos/libfreertos.a(tasks.o)
                                          0x8 (size before relaxing)
 .literal.pcTaskGetTaskName
                0x0000000040080974        0x8 /home/jamster/esp/blink/build/freertos/libfreertos.a(tasks.o)
                                         0x1c (size before relaxing)
 .literal.xTaskGetAffinity
                0x000000004008097c        0x0 /home/jamster/esp/blink/build/freertos/libfreertos.a(tasks.o)
                                          0x4 (size before relaxing)
 .literal.xTaskGetCurrentTaskHandleForCPU
                0x000000004008097c        0x0 /home/jamster/esp/blink/build/freertos/libfreertos.a(tasks.o)
                                          0x4 (size before relaxing)
 .literal.xTaskGetSchedulerState
                0x000000004008097c        0x4 /home/jamster/esp/blink/build/freertos/libfreertos.a(tasks.o)
                                          0xc (size before relaxing)
 .literal.vTaskEnterCritical
                0x0000000040080980       0x14 /home/jamster/esp/blink/build/freertos/libfreertos.a(tasks.o)
                                         0x2c (size before relaxing)
 .literal.vTaskExitCritical
                0x0000000040080994        0xc /home/jamster/esp/blink/build/freertos/libfreertos.a(tasks.o)
                                         0x24 (size before relaxing)
 .literal.prvAddNewTaskToReadyList$isra$9
                0x00000000400809a0       0x28 /home/jamster/esp/blink/build/freertos/libfreertos.a(tasks.o)
                                         0x90 (size before relaxing)
 .literal.xTaskCreatePinnedToCore
                0x00000000400809c8        0x0 /home/jamster/esp/blink/build/freertos/libfreertos.a(tasks.o)
                                         0x18 (size before relaxing)
 .literal.vTaskStartScheduler
                0x00000000400809c8       0x14 /home/jamster/esp/blink/build/freertos/libfreertos.a(tasks.o)
                                         0x40 (size before relaxing)
 .literal.vTaskDelete
                0x00000000400809dc        0x8 /home/jamster/esp/blink/build/freertos/libfreertos.a(tasks.o)
                                         0x60 (size before relaxing)
 .literal.vTaskDelay
                0x00000000400809e4        0x4 /home/jamster/esp/blink/build/freertos/libfreertos.a(tasks.o)
                                         0x38 (size before relaxing)
 .literal.uxTaskPriorityGetFromISR
                0x00000000400809e8        0x0 /home/jamster/esp/blink/build/freertos/libfreertos.a(tasks.o)
                                         0x10 (size before relaxing)
 .literal.uxTaskPriorityGet
                0x00000000400809e8        0x0 /home/jamster/esp/blink/build/freertos/libfreertos.a(tasks.o)
                                          0x4 (size before relaxing)
 .literal.vTaskPrioritySet
                0x00000000400809e8        0x8 /home/jamster/esp/blink/build/freertos/libfreertos.a(tasks.o)
                                         0x44 (size before relaxing)
 .literal.prvIdleTask
                0x00000000400809f0        0x4 /home/jamster/esp/blink/build/freertos/libfreertos.a(tasks.o)
                                         0x38 (size before relaxing)
 .literal.xTaskGetTickCountFromISR
                0x00000000400809f4        0x4 /home/jamster/esp/blink/build/freertos/libfreertos.a(tasks.o)
                                         0x10 (size before relaxing)
 .literal.xTaskGetTickCount
                0x00000000400809f8        0x0 /home/jamster/esp/blink/build/freertos/libfreertos.a(tasks.o)
                                          0x4 (size before relaxing)
 .literal.xTaskIncrementTick
                0x00000000400809f8        0xc /home/jamster/esp/blink/build/freertos/libfreertos.a(tasks.o)
                                         0x78 (size before relaxing)
 .literal.xTaskResumeAll
                0x0000000040080a04        0x8 /home/jamster/esp/blink/build/freertos/libfreertos.a(tasks.o)
                                         0x5c (size before relaxing)
 .literal.vTaskPlaceOnEventList
                0x0000000040080a0c        0x8 /home/jamster/esp/blink/build/freertos/libfreertos.a(tasks.o)
                                         0x40 (size before relaxing)
 .literal.vTaskPlaceOnEventListRestricted
                0x0000000040080a14        0x8 /home/jamster/esp/blink/build/freertos/libfreertos.a(tasks.o)
                                         0x38 (size before relaxing)
 .literal.xTaskRemoveFromEventList
                0x0000000040080a1c        0x8 /home/jamster/esp/blink/build/freertos/libfreertos.a(tasks.o)
                                         0x58 (size before relaxing)
 .literal.xTaskCheckForTimeOut
                0x0000000040080a24        0xc /home/jamster/esp/blink/build/freertos/libfreertos.a(tasks.o)
                                         0x34 (size before relaxing)
 .literal.vTaskPriorityInherit
                0x0000000040080a30        0x0 /home/jamster/esp/blink/build/freertos/libfreertos.a(tasks.o)
                                         0x2c (size before relaxing)
 .literal.xTaskPriorityDisinherit
                0x0000000040080a30        0x8 /home/jamster/esp/blink/build/freertos/libfreertos.a(tasks.o)
                                         0x40 (size before relaxing)
 .literal.pvTaskIncrementMutexHeldCount
                0x0000000040080a38        0x0 /home/jamster/esp/blink/build/freertos/libfreertos.a(tasks.o)
                                         0x10 (size before relaxing)
 .literal.prvInsertTimerInActiveList
                0x0000000040080a38        0x8 /home/jamster/esp/blink/build/freertos/libfreertos.a(timers.o)
                                          0xc (size before relaxing)
 .literal.prvCheckForValidListAndQueue
                0x0000000040080a40       0x1c /home/jamster/esp/blink/build/freertos/libfreertos.a(timers.o)
                                         0x44 (size before relaxing)
 .literal.xTimerCreateTimerTask
                0x0000000040080a5c        0xc /home/jamster/esp/blink/build/freertos/libfreertos.a(timers.o)
                                         0x2c (size before relaxing)
 .literal.xTimerGenericCommand
                0x0000000040080a68        0x0 /home/jamster/esp/blink/build/freertos/libfreertos.a(timers.o)
                                         0x10 (size before relaxing)
 .literal.prvSwitchTimerLists
                0x0000000040080a68        0x4 /home/jamster/esp/blink/build/freertos/libfreertos.a(timers.o)
                                         0x28 (size before relaxing)
 .literal.prvTimerTask
                0x0000000040080a6c        0xc /home/jamster/esp/blink/build/freertos/libfreertos.a(timers.o)
                                         0x70 (size before relaxing)
 .literal       0x0000000040080a78        0x0 /home/jamster/esp/blink/build/freertos/libfreertos.a(xtensa_context.o)
                                         0x10 (size before relaxing)
 .literal       0x0000000040080a78        0xc /home/jamster/esp/blink/build/freertos/libfreertos.a(portasm.o)
                                         0x54 (size before relaxing)
 .literal.get_next_block
                0x0000000040080a84        0xc /home/jamster/esp/blink/build/heap/libheap.a(multi_heap.o)
                                         0x10 (size before relaxing)
 .literal.multi_heap_assert$constprop$5
                0x0000000040080a90        0x4 /home/jamster/esp/blink/build/heap/libheap.a(multi_heap.o)
                                          0xc (size before relaxing)
 .literal.get_prev_free_block
                0x0000000040080a94        0x8 /home/jamster/esp/blink/build/heap/libheap.a(multi_heap.o)
                                         0x1c (size before relaxing)
 .literal.split_if_necessary
                0x0000000040080a9c        0x8 /home/jamster/esp/blink/build/heap/libheap.a(multi_heap.o)
                                         0x3c (size before relaxing)
 .literal.merge_adjacent
                0x0000000040080aa4        0x8 /home/jamster/esp/blink/build/heap/libheap.a(multi_heap.o)
                                         0x30 (size before relaxing)
 .literal.assert_valid_block
                0x0000000040080aac        0x0 /home/jamster/esp/blink/build/heap/libheap.a(multi_heap.o)
                                         0x10 (size before relaxing)
 .literal.multi_heap_get_allocated_size_impl
                0x0000000040080aac        0x0 /home/jamster/esp/blink/build/heap/libheap.a(multi_heap.o)
                                          0xc (size before relaxing)
 .literal.multi_heap_internal_lock
                0x0000000040080aac        0x0 /home/jamster/esp/blink/build/heap/libheap.a(multi_heap.o)
                                          0x4 (size before relaxing)
 .literal.multi_heap_internal_unlock
                0x0000000040080aac        0x0 /home/jamster/esp/blink/build/heap/libheap.a(multi_heap.o)
                                          0x4 (size before relaxing)
 .literal.multi_heap_malloc_impl
                0x0000000040080aac        0x0 /home/jamster/esp/blink/build/heap/libheap.a(multi_heap.o)
                                         0x24 (size before relaxing)
 .literal.multi_heap_free_impl
                0x0000000040080aac        0x0 /home/jamster/esp/blink/build/heap/libheap.a(multi_heap.o)
                                         0x34 (size before relaxing)
 .literal.multi_heap_realloc_impl
                0x0000000040080aac        0x8 /home/jamster/esp/blink/build/heap/libheap.a(multi_heap.o)
                                         0x74 (size before relaxing)
 .literal.panicPutChar
                0x0000000040080ab4        0x4 /home/jamster/esp/blink/build/esp32/libesp32.a(panic.o)
                                          0x8 (size before relaxing)
 .literal.panicPutStr
                0x0000000040080ab8        0x0 /home/jamster/esp/blink/build/esp32/libesp32.a(panic.o)
                                          0x4 (size before relaxing)
 .literal.panicPutHex
                0x0000000040080ab8        0x0 /home/jamster/esp/blink/build/esp32/libesp32.a(panic.o)
                                          0x4 (size before relaxing)
 .literal.panicPutDec
                0x0000000040080ab8        0x4 /home/jamster/esp/blink/build/esp32/libesp32.a(panic.o)
                                          0xc (size before relaxing)
 .literal.unlikely.putEntry
                0x0000000040080abc       0x10 /home/jamster/esp/blink/build/esp32/libesp32.a(panic.o)
                                         0x20 (size before relaxing)
 .literal.invoke_abort
                0x0000000040080acc        0x4 /home/jamster/esp/blink/build/esp32/libesp32.a(panic.o)
                                          0x8 (size before relaxing)
 .literal.unlikely.commonErrorHandler_dump
                0x0000000040080ad0       0x40 /home/jamster/esp/blink/build/esp32/libesp32.a(panic.o)
                                         0xb0 (size before relaxing)
 .literal.abort
                0x0000000040080b10        0x8 /home/jamster/esp/blink/build/esp32/libesp32.a(panic.o)
                                         0x10 (size before relaxing)
 .literal.vApplicationStackOverflowHook
                0x0000000040080b18        0x8 /home/jamster/esp/blink/build/esp32/libesp32.a(panic.o)
                                         0x18 (size before relaxing)
 .literal.esp_panic_wdt_stop
                0x0000000040080b20        0x8 /home/jamster/esp/blink/build/esp32/libesp32.a(panic.o)
                                         0x18 (size before relaxing)
 .literal.commonErrorHandler
                0x0000000040080b28       0x20 /home/jamster/esp/blink/build/esp32/libesp32.a(panic.o)
                                         0x74 (size before relaxing)
 .literal.panicHandler
                0x0000000040080b48       0x34 /home/jamster/esp/blink/build/esp32/libesp32.a(panic.o)
                                         0xa0 (size before relaxing)
 .literal.xt_unhandled_exception
                0x0000000040080b7c       0x18 /home/jamster/esp/blink/build/esp32/libesp32.a(panic.o)
                                         0x5c (size before relaxing)
 .literal._esp_error_check_failed
                0x0000000040080b94       0x14 /home/jamster/esp/blink/build/esp32/libesp32.a(panic.o)
                                         0x30 (size before relaxing)
 .literal.rtc_clk_cal_internal
                0x0000000040080ba8       0x3c /home/jamster/esp/blink/build/soc/libsoc.a(rtc_time.o)
                                         0x5c (size before relaxing)
 .literal.rtc_clk_cal
                0x0000000040080be4        0x0 /home/jamster/esp/blink/build/soc/libsoc.a(rtc_time.o)
                                          0xc (size before relaxing)
 .literal.rtc_time_get
                0x0000000040080be4       0x10 /home/jamster/esp/blink/build/soc/libsoc.a(rtc_time.o)
                                         0x18 (size before relaxing)
 .literal.rtc_clk_wait_for_slow_cycle
                0x0000000040080bf4        0x8 /home/jamster/esp/blink/build/soc/libsoc.a(rtc_time.o)
                                         0x1c (size before relaxing)
 .literal.rtc_init
                0x0000000040080bfc       0x90 /home/jamster/esp/blink/build/soc/libsoc.a(rtc_init.o)
                                         0xdc (size before relaxing)
 .literal.rtc_clk_32k_enable_internal$constprop$4
                0x0000000040080c8c       0x14 /home/jamster/esp/blink/build/soc/libsoc.a(rtc_clk.o)
 .literal.rtc_clk_32k_enable
                0x0000000040080ca0        0x0 /home/jamster/esp/blink/build/soc/libsoc.a(rtc_clk.o)
                                          0xc (size before relaxing)
 .literal.rtc_clk_32k_bootstrap
                0x0000000040080ca0        0xc /home/jamster/esp/blink/build/soc/libsoc.a(rtc_clk.o)
                                         0x34 (size before relaxing)
 .literal.rtc_clk_slow_freq_set
                0x0000000040080cac        0x0 /home/jamster/esp/blink/build/soc/libsoc.a(rtc_clk.o)
                                          0xc (size before relaxing)
 .literal.rtc_clk_slow_freq_get_hz
                0x0000000040080cac        0x4 /home/jamster/esp/blink/build/soc/libsoc.a(rtc_clk.o)
                                          0x8 (size before relaxing)
 .literal.rtc_clk_fast_freq_set
                0x0000000040080cb0        0x0 /home/jamster/esp/blink/build/soc/libsoc.a(rtc_clk.o)
                                          0xc (size before relaxing)
 .literal.rtc_clk_bbpll_set
                0x0000000040080cb0       0x24 /home/jamster/esp/blink/build/soc/libsoc.a(rtc_clk.o)
                                         0x64 (size before relaxing)
 .literal.rtc_clk_xtal_freq_get
                0x0000000040080cd4        0xc /home/jamster/esp/blink/build/soc/libsoc.a(rtc_clk.o)
                                         0x18 (size before relaxing)
 .literal.rtc_clk_cpu_freq_get
                0x0000000040080ce0       0x14 /home/jamster/esp/blink/build/soc/libsoc.a(rtc_clk.o)
                                         0x24 (size before relaxing)
 .literal.rtc_clk_cpu_freq_value
                0x0000000040080cf4       0x1c /home/jamster/esp/blink/build/soc/libsoc.a(rtc_clk.o)
                                         0x2c (size before relaxing)
 .literal.rtc_clk_cpu_freq_from_mhz
                0x0000000040080d10        0x0 /home/jamster/esp/blink/build/soc/libsoc.a(rtc_clk.o)
                                          0x4 (size before relaxing)
 .literal.rtc_clk_apb_freq_update
                0x0000000040080d10        0x4 /home/jamster/esp/blink/build/soc/libsoc.a(rtc_clk.o)
 .literal.rtc_clk_cpu_freq_set
                0x0000000040080d14       0x1c /home/jamster/esp/blink/build/soc/libsoc.a(rtc_clk.o)
                                         0x80 (size before relaxing)
 .literal.rtc_clk_cpu_freq_set_fast
                0x0000000040080d30        0x0 /home/jamster/esp/blink/build/soc/libsoc.a(rtc_clk.o)
                                         0x54 (size before relaxing)
 .literal.rtc_clk_apb_freq_get
                0x0000000040080d30        0x8 /home/jamster/esp/blink/build/soc/libsoc.a(rtc_clk.o)
                                         0x10 (size before relaxing)
 .literal       0x0000000040080d38        0x0 /home/jamster/esp/esp-idf/components/esp32/libhal.a(windowspill_asm.o)
                                          0x4 (size before relaxing)
 .literal.esp_rom_spiflash_read_status
                0x0000000040080d38       0x10 /home/jamster/esp/blink/build/spi_flash/libspi_flash.a(spi_flash_rom_patch.o)
                                         0x14 (size before relaxing)
 .literal.esp_rom_spiflash_wait_idle
                0x0000000040080d48        0x8 /home/jamster/esp/blink/build/spi_flash/libspi_flash.a(spi_flash_rom_patch.o)
                                          0xc (size before relaxing)
 .literal.esp_rom_spiflash_enable_write$constprop$6
                0x0000000040080d50        0x4 /home/jamster/esp/blink/build/spi_flash/libspi_flash.a(spi_flash_rom_patch.o)
                                         0x14 (size before relaxing)
 .literal.esp_rom_spiflash_program_page_internal$constprop$4
                0x0000000040080d54       0x10 /home/jamster/esp/blink/build/spi_flash/libspi_flash.a(spi_flash_rom_patch.o)
                                         0x28 (size before relaxing)
 .literal.esp_rom_spiflash_read_statushigh
                0x0000000040080d64        0x0 /home/jamster/esp/blink/build/spi_flash/libspi_flash.a(spi_flash_rom_patch.o)
                                          0xc (size before relaxing)
 .literal.esp_rom_spiflash_write_status
                0x0000000040080d64        0x4 /home/jamster/esp/blink/build/spi_flash/libspi_flash.a(spi_flash_rom_patch.o)
                                         0x14 (size before relaxing)
 .literal.esp_rom_spiflash_unlock
                0x0000000040080d68        0x8 /home/jamster/esp/blink/build/spi_flash/libspi_flash.a(spi_flash_rom_patch.o)
                                         0x28 (size before relaxing)
 .literal.esp_rom_spiflash_erase_block
                0x0000000040080d70        0xc /home/jamster/esp/blink/build/spi_flash/libspi_flash.a(spi_flash_rom_patch.o)
                                         0x34 (size before relaxing)
 .literal.esp_rom_spiflash_erase_sector
                0x0000000040080d7c        0x0 /home/jamster/esp/blink/build/spi_flash/libspi_flash.a(spi_flash_rom_patch.o)
                                         0x34 (size before relaxing)
 .literal.esp_rom_spiflash_write
                0x0000000040080d7c        0x0 /home/jamster/esp/blink/build/spi_flash/libspi_flash.a(spi_flash_rom_patch.o)
                                         0x24 (size before relaxing)
 .literal.esp_rom_spiflash_write_encrypted
                0x0000000040080d7c        0xc /home/jamster/esp/blink/build/spi_flash/libspi_flash.a(spi_flash_rom_patch.o)
                                         0x10 (size before relaxing)
 .literal.esp_rom_spiflash_read
                0x0000000040080d88       0x30 /home/jamster/esp/blink/build/spi_flash/libspi_flash.a(spi_flash_rom_patch.o)
                                         0x70 (size before relaxing)
 .literal       0x0000000040080db8       0x10 /home/jamster/esp/esp-idf/components/newlib/lib/libm.a(lib_a-s_fpclassify.o)
                                         0x18 (size before relaxing)
 .iram1         0x0000000040080dc8      0x2fa /home/jamster/esp/blink/build/esp32/libesp32.a(cpu_start.o)
                                        0x3ba (size before relaxing)
                0x0000000040080dc8                start_cpu0
                0x0000000040080dc8                start_cpu0_default
                0x0000000040080ef4                start_cpu1_default
                0x0000000040080ef4                start_cpu1
                0x0000000040080f90                call_start_cpu0
 *fill*         0x00000000400810c2        0x2 
 .iram1         0x00000000400810c4       0x27 /home/jamster/esp/blink/build/esp32/libesp32.a(cache_err_int.o)
                                         0x2f (size before relaxing)
                0x00000000400810c4                esp_cache_err_get_cpuid
 *fill*         0x00000000400810eb        0x1 
 .iram1         0x00000000400810ec       0x37 /home/jamster/esp/blink/build/esp32/libesp32.a(clk.o)
                0x00000000400810ec                esp_clk_cpu_freq
                0x00000000400810fc                esp_clk_apb_freq
                0x0000000040081114                ets_update_cpu_frequency
 *fill*         0x0000000040081123        0x1 
 .iram1         0x0000000040081124       0xac /home/jamster/esp/blink/build/esp32/libesp32.a(crosscore_int.o)
                                         0xbc (size before relaxing)
                0x00000000400811b8                esp_crosscore_int_send_yield
                0x00000000400811c4                esp_crosscore_int_send_freq_switch
 .iram1         0x00000000400811d0       0x7b /home/jamster/esp/blink/build/esp32/libesp32.a(ipc.o)
                                         0x87 (size before relaxing)
 *fill*         0x000000004008124b        0x1 
 .iram1         0x000000004008124c      0x27e /home/jamster/esp/blink/build/esp32/libesp32.a(intr_alloc.o)
                                        0x29a (size before relaxing)
                0x0000000040081288                esp_intr_set_in_iram
                0x00000000400812fc                esp_intr_enable
                0x0000000040081370                esp_intr_disable
                0x000000004008142c                esp_intr_noniram_disable
                0x0000000040081478                esp_intr_noniram_enable
                0x00000000400814b4                ets_isr_unmask
                0x00000000400814c0                ets_isr_mask
 *fill*         0x00000000400814ca        0x2 
 .iram1         0x00000000400814cc       0x4b /home/jamster/esp/blink/build/esp32/libesp32.a(int_wdt.o)
 *fill*         0x0000000040081517        0x1 
 .iram1         0x0000000040081518      0x24c /home/jamster/esp/blink/build/esp32/libesp32.a(pm_esp32.o)
                                        0x264 (size before relaxing)
                0x00000000400815e0                esp_pm_impl_switch_mode
                0x0000000040081724                esp_pm_impl_isr_hook
 .iram1         0x0000000040081764      0x19b /home/jamster/esp/blink/build/esp32/libesp32.a(esp_timer.o)
                                        0x1af (size before relaxing)
                0x0000000040081804                esp_timer_start_once
                0x0000000040081844                esp_timer_start_periodic
                0x0000000040081894                esp_timer_stop
                0x00000000400818d0                esp_timer_get_next_alarm
                0x00000000400818f0                esp_timer_get_time
 *fill*         0x00000000400818ff        0x1 
 .iram1         0x0000000040081900      0x1be /home/jamster/esp/blink/build/esp32/libesp32.a(dport_access.o)
                                        0x1ce (size before relaxing)
                0x0000000040081900                esp_dport_access_stall_other_cpu_start
                0x0000000040081998                esp_dport_access_stall_other_cpu_end
                0x0000000040081a08                esp_dport_access_stall_other_cpu_start_wrap
                0x0000000040081a10                esp_dport_access_stall_other_cpu_end_wrap
                0x0000000040081a18                esp_dport_access_int_pause
                0x0000000040081a3c                esp_dport_access_int_abort
                0x0000000040081a50                esp_dport_access_int_resume
                0x0000000040081a74                esp_dport_access_reg_read
                0x0000000040081a8c                esp_dport_access_sequence_reg_read
                0x0000000040081a98                esp_dport_access_read_buffer
 *fill*         0x0000000040081abe        0x2 
 .iram1         0x0000000040081ac0       0x68 /home/jamster/esp/blink/build/esp32/libesp32.a(pm_locks.o)
                                         0x78 (size before relaxing)
                0x0000000040081ac0                esp_pm_lock_acquire
                0x0000000040081af0                esp_pm_lock_release
 .iram1         0x0000000040081b28       0xda /home/jamster/esp/blink/build/esp32/libesp32.a(dport_panic_highint_hdl.o)
                0x0000000040081b28                xt_highint4
                0x0000000040081c02                ld_include_panic_highint_hdl
 *fill*         0x0000000040081c02        0x2 
 .iram1         0x0000000040081c04      0x196 /home/jamster/esp/blink/build/esp32/libesp32.a(system_api.o)
                                        0x1cd (size before relaxing)
                0x0000000040081c1c                esp_restart_noos
                0x0000000040081d7c                esp_restart
                0x0000000040081d7c                system_restart
 *fill*         0x0000000040081d9a        0x2 
 .iram1         0x0000000040081d9c      0x2c7 /home/jamster/esp/blink/build/esp32/libesp32.a(esp_timer_esp32.o)
                                        0x2d7 (size before relaxing)
                0x0000000040081eac                esp_timer_impl_get_time
                0x0000000040081ef8                esp_timer_impl_set_alarm
                0x0000000040081fc0                esp_timer_impl_update_apb_freq
                0x0000000040082058                esp_timer_impl_get_min_period_us
 *fill*         0x0000000040082063        0x1 
 .iram1         0x0000000040082064       0x23 /home/jamster/esp/blink/build/esp32/libesp32.a(freertos_hooks.o)
                0x0000000040082064                esp_vApplicationTickHook
 *fill*         0x0000000040082087        0x1 
 .iram1         0x0000000040082088       0x1a /home/jamster/esp/blink/build/freertos/libfreertos.a(port.o)
                0x0000000040082088                xPortInterruptedFromISRContext
 *fill*         0x00000000400820a2        0x2 
 .iram1         0x00000000400820a4      0x4b4 /home/jamster/esp/blink/build/freertos/libfreertos.a(xtensa_vectors.o)
                0x00000000400820a4                _xt_panic
                0x00000000400821bc                _xt_user_exit
                0x00000000400824a8                _xt_medint2_exit
                0x0000000040082544                _xt_medint3_exit
 .iram1         0x0000000040082558      0x37c /home/jamster/esp/blink/build/heap/libheap.a(heap_caps.o)
                                        0x384 (size before relaxing)
                0x0000000040082598                heap_caps_malloc
                0x000000004008267c                heap_caps_malloc_default
                0x00000000400826a8                heap_caps_malloc_prefer
                0x00000000400826fc                heap_caps_free
                0x0000000040082734                heap_caps_realloc
                0x00000000400827c0                heap_caps_realloc_default
                0x00000000400827f4                heap_caps_realloc_prefer
                0x0000000040082858                heap_caps_calloc
                0x0000000040082880                heap_caps_calloc_prefer
 .iram1         0x00000000400828d4      0x176 /home/jamster/esp/blink/build/log/liblog.a(log.o)
                                        0x186 (size before relaxing)
                0x00000000400828d4                esp_log_write
                0x00000000400829f8                esp_log_early_timestamp
                0x0000000040082a14                esp_log_timestamp
 *fill*         0x0000000040082a4a        0x2 
 .iram1         0x0000000040082a4c       0x7c /home/jamster/esp/blink/build/newlib/libnewlib.a(time.o)
                                         0x88 (size before relaxing)
                0x0000000040082a4c                _gettimeofday_r
                0x0000000040082aa0                _times_r
 .iram1         0x0000000040082ac8       0x59 /home/jamster/esp/blink/build/newlib/libnewlib.a(syscalls.o)
                                         0x61 (size before relaxing)
                0x0000000040082ac8                _malloc_r
                0x0000000040082ad4                _free_r
                0x0000000040082ae0                _realloc_r
                0x0000000040082af4                _calloc_r
 *fill*         0x0000000040082b21        0x3 
 .iram1         0x0000000040082b24       0x3c /home/jamster/esp/blink/build/newlib/libnewlib.a(reent_init.o)
                0x0000000040082b24                esp_reent_init
 .iram1         0x0000000040082b60      0x1c8 /home/jamster/esp/blink/build/newlib/libnewlib.a(locks.o)
                                        0x1f4 (size before relaxing)
                0x0000000040082c70                _lock_init
                0x0000000040082c80                _lock_init_recursive
                0x0000000040082c90                _lock_close
                0x0000000040082cd0                _lock_acquire
                0x0000000040082ce0                _lock_acquire_recursive
                0x0000000040082cf0                _lock_try_acquire
                0x0000000040082d00                _lock_try_acquire_recursive
                0x0000000040082d10                _lock_release
                0x0000000040082d1c                _lock_release_recursive
 .iram1         0x0000000040082d28       0xf6 /home/jamster/esp/blink/build/soc/libsoc.a(cpu_util.o)
                0x0000000040082d28                esp_cpu_stall
                0x0000000040082dac                esp_cpu_unstall
                0x0000000040082df0                esp_cpu_reset
                0x0000000040082e10                esp_cpu_in_ocd_debug_mode
 *fill*         0x0000000040082e1e        0x2 
 .iram1         0x0000000040082e20      0x2b0 /home/jamster/esp/blink/build/spi_flash/libspi_flash.a(cache_utils.o)
                                        0x2e7 (size before relaxing)
                0x0000000040082ec4                spi_flash_op_block_func
                0x0000000040082f08                spi_flash_disable_interrupts_caches_and_other_cpu
                0x0000000040082fdc                spi_flash_enable_interrupts_caches_and_other_cpu
                0x0000000040083070                spi_flash_disable_interrupts_caches_and_other_cpu_no_os
                0x0000000040083098                spi_flash_enable_interrupts_caches_no_os
                0x00000000400830b4                spi_flash_cache_enabled
 *fill*         0x00000000400830d0        0x0 
 .iram1         0x00000000400830d0      0x5b2 /home/jamster/esp/blink/build/spi_flash/libspi_flash.a(flash_ops.o)
                                        0x5ee (size before relaxing)
                0x000000004008315c                spi_flash_guard_set
                0x0000000040083168                spi_flash_guard_get
                0x0000000040083174                spi_flash_get_chip_size
                0x0000000040083180                spi_flash_erase_range
                0x00000000400831f8                spi_flash_erase_sector
                0x0000000040083218                spi_flash_write
                0x0000000040083390                spi_flash_read
                0x000000004008356c                spi_flash_read_encrypted
                0x00000000400835b4                spi_flash_write_encrypted
 *fill*         0x0000000040083682        0x2 
 .iram1         0x0000000040083684      0x466 /home/jamster/esp/blink/build/spi_flash/libspi_flash.a(flash_mmap.o)
                                        0x482 (size before relaxing)
                0x000000004008378c                spi_flash_mmap_pages
                0x00000000400839d8                spi_flash_mmap
                0x0000000040083a40                spi_flash_munmap
                0x0000000040083adc                spi_flash_mark_modified_region
 *fill*         0x0000000040083aea        0x0 
 *fill*         0x0000000040083aea        0x0 
 *fill*         0x0000000040083aea        0x0 
 *fill*         0x0000000040083aea        0x0 
 *fill*         0x0000000040083aea        0x0 
 *fill*         0x0000000040083aea        0x0 
 *fill*         0x0000000040083aea        0x0 
 *fill*         0x0000000040083aea        0x0 
 *fill*         0x0000000040083aea        0x0 
 .iram1         0x0000000040083aea       0x20 /home/jamster/esp/blink/build/esp32/libesp32.a(dbg_stubs.o)
 *fill*         0x0000000040083b0a        0x0 
 *fill*         0x0000000040083b0a        0x0 
 *fill*         0x0000000040083b0a        0x0 
 *fill*         0x0000000040083b0a        0x2 
 .iram1         0x0000000040083b0c       0x2e /home/jamster/esp/blink/build/freertos/libfreertos.a(xtensa_vector_defaults.o)
                0x0000000040083b0c                xt_debugexception
                0x0000000040083b2c                xt_highint5
                0x0000000040083b34                _xt_nmi
                0x0000000040083b34                xt_nmi
 *fill*         0x0000000040083b3a        0x0 
 *fill*         0x0000000040083b3a        0x0 
 *fill*         0x0000000040083b3a        0x0 
 *fill*         0x0000000040083b3a        0x0 
 *fill*         0x0000000040083b3a        0x0 
 *fill*         0x0000000040083b3a        0x0 
 *libfreertos.a:(.literal .text .literal.* .text.*)
 *fill*         0x0000000040083b3a        0x2 
 .text.xt_unhandled_interrupt
                0x0000000040083b3c       0x16 /home/jamster/esp/blink/build/freertos/libfreertos.a(xtensa_intr.o)
                0x0000000040083b3c                xt_unhandled_interrupt
 *fill*         0x0000000040083b52        0x2 
 .text.xt_set_interrupt_handler
                0x0000000040083b54       0x3c /home/jamster/esp/blink/build/freertos/libfreertos.a(xtensa_intr.o)
                0x0000000040083b54                xt_set_interrupt_handler
 .text.prvCopyDataToQueue
                0x0000000040083b90       0x88 /home/jamster/esp/blink/build/freertos/libfreertos.a(queue.o)
 .text.prvCopyDataFromQueue
                0x0000000040083c18       0x23 /home/jamster/esp/blink/build/freertos/libfreertos.a(queue.o)
 *fill*         0x0000000040083c3b        0x1 
 .text.prvNotifyQueueSetContainer
                0x0000000040083c3c       0x64 /home/jamster/esp/blink/build/freertos/libfreertos.a(queue.o)
                                         0x73 (size before relaxing)
 *fill*         0x0000000040083ca0        0x0 
 .text.xQueueGenericReset
                0x0000000040083ca0       0x86 /home/jamster/esp/blink/build/freertos/libfreertos.a(queue.o)
                                         0x96 (size before relaxing)
                0x0000000040083ca0                xQueueGenericReset
 *fill*         0x0000000040083d26        0x2 
 .text.xQueueGenericCreate
                0x0000000040083d28       0x52 /home/jamster/esp/blink/build/freertos/libfreertos.a(queue.o)
                                         0x56 (size before relaxing)
                0x0000000040083d28                xQueueGenericCreate
 *fill*         0x0000000040083d7a        0x2 
 .text.xQueueGetMutexHolder
                0x0000000040083d7c       0x20 /home/jamster/esp/blink/build/freertos/libfreertos.a(queue.o)
                                         0x24 (size before relaxing)
                0x0000000040083d7c                xQueueGetMutexHolder
 .text.xQueueCreateCountingSemaphore
                0x0000000040083d9c       0x46 /home/jamster/esp/blink/build/freertos/libfreertos.a(queue.o)
                0x0000000040083d9c                xQueueCreateCountingSemaphore
 *fill*         0x0000000040083de2        0x2 
 .text.xQueueGenericSend
                0x0000000040083de4      0x134 /home/jamster/esp/blink/build/freertos/libfreertos.a(queue.o)
                                        0x168 (size before relaxing)
                0x0000000040083de4                xQueueGenericSend
 .text.xQueueCreateMutex
                0x0000000040083f18       0x2e /home/jamster/esp/blink/build/freertos/libfreertos.a(queue.o)
                                         0x36 (size before relaxing)
                0x0000000040083f18                xQueueCreateMutex
 *fill*         0x0000000040083f46        0x2 
 .text.xQueueGiveMutexRecursive
                0x0000000040083f48       0x41 /home/jamster/esp/blink/build/freertos/libfreertos.a(queue.o)
                                         0x45 (size before relaxing)
                0x0000000040083f48                xQueueGiveMutexRecursive
 *fill*         0x0000000040083f89        0x3 
 .text.xQueueGenericSendFromISR
                0x0000000040083f8c       0xbe /home/jamster/esp/blink/build/freertos/libfreertos.a(queue.o)
                                         0xc6 (size before relaxing)
                0x0000000040083f8c                xQueueGenericSendFromISR
 *fill*         0x000000004008404a        0x2 
 .text.xQueueGiveFromISR
                0x000000004008404c       0xb6 /home/jamster/esp/blink/build/freertos/libfreertos.a(queue.o)
                                         0xbe (size before relaxing)
                0x000000004008404c                xQueueGiveFromISR
 *fill*         0x0000000040084102        0x2 
 .text.xQueueGenericReceive
                0x0000000040084104      0x124 /home/jamster/esp/blink/build/freertos/libfreertos.a(queue.o)
                                        0x14f (size before relaxing)
                0x0000000040084104                xQueueGenericReceive
 *fill*         0x0000000040084228        0x0 
 .text.xQueueTakeMutexRecursive
                0x0000000040084228       0x4d /home/jamster/esp/blink/build/freertos/libfreertos.a(queue.o)
                                         0x51 (size before relaxing)
                0x0000000040084228                xQueueTakeMutexRecursive
 *fill*         0x0000000040084275        0x3 
 .text.xQueueReceiveFromISR
                0x0000000040084278       0x89 /home/jamster/esp/blink/build/freertos/libfreertos.a(queue.o)
                                         0x95 (size before relaxing)
                0x0000000040084278                xQueueReceiveFromISR
 *fill*         0x0000000040084301        0x3 
 .text.vQueueDelete
                0x0000000040084304       0x27 /home/jamster/esp/blink/build/freertos/libfreertos.a(queue.o)
                0x0000000040084304                vQueueDelete
 *fill*         0x000000004008432b        0x1 
 .text.vQueueWaitForMessageRestricted
                0x000000004008432c       0x23 /home/jamster/esp/blink/build/freertos/libfreertos.a(queue.o)
                                         0x2a (size before relaxing)
                0x000000004008432c                vQueueWaitForMessageRestricted
 *fill*         0x000000004008434f        0x1 
 .text._xt_tick_divisor_init
                0x0000000040084350       0x1c /home/jamster/esp/blink/build/freertos/libfreertos.a(xtensa_init.o)
                                         0x1f (size before relaxing)
                0x0000000040084350                _xt_tick_divisor_init
 *fill*         0x000000004008436c        0x0 
 .text.pxPortInitialiseStack
                0x000000004008436c       0x7f /home/jamster/esp/blink/build/freertos/libfreertos.a(port.o)
                0x000000004008436c                pxPortInitialiseStack
 *fill*         0x00000000400843eb        0x1 
 .text.xPortStartScheduler
                0x00000000400843ec       0x22 /home/jamster/esp/blink/build/freertos/libfreertos.a(port.o)
                                         0x2e (size before relaxing)
                0x00000000400843ec                xPortStartScheduler
 *fill*         0x000000004008440e        0x2 
 .text.xPortSysTickHandler
                0x0000000040084410       0x10 /home/jamster/esp/blink/build/freertos/libfreertos.a(port.o)
                                         0x16 (size before relaxing)
                0x0000000040084410                xPortSysTickHandler
 *fill*         0x0000000040084420        0x0 
 .text.vPortYieldOtherCore
                0x0000000040084420        0xa /home/jamster/esp/blink/build/freertos/libfreertos.a(port.o)
                                          0xe (size before relaxing)
                0x0000000040084420                vPortYieldOtherCore
 *fill*         0x000000004008442a        0x2 
 .text.vPortReleaseTaskMPUSettings
                0x000000004008442c        0xa /home/jamster/esp/blink/build/freertos/libfreertos.a(port.o)
                                          0xe (size before relaxing)
                0x000000004008442c                vPortReleaseTaskMPUSettings
 *fill*         0x0000000040084436        0x2 
 .text.xPortInIsrContext
                0x0000000040084438       0x23 /home/jamster/esp/blink/build/freertos/libfreertos.a(port.o)
                0x0000000040084438                xPortInIsrContext
 *fill*         0x000000004008445b        0x1 
 .text.vPortCPUInitializeMutex
                0x000000004008445c        0xe /home/jamster/esp/blink/build/freertos/libfreertos.a(port.o)
                0x000000004008445c                vPortCPUInitializeMutex
 *fill*         0x000000004008446a        0x2 
 .text.vPortCPUAcquireMutex
                0x000000004008446c       0x7a /home/jamster/esp/blink/build/freertos/libfreertos.a(port.o)
                0x000000004008446c                vPortCPUAcquireMutex
 *fill*         0x00000000400844e6        0x2 
 .text.vPortCPUReleaseMutex
                0x00000000400844e8       0x47 /home/jamster/esp/blink/build/freertos/libfreertos.a(port.o)
                                         0x4a (size before relaxing)
                0x00000000400844e8                vPortCPUReleaseMutex
 *fill*         0x000000004008452f        0x1 
 .text.prvInitialiseNewTask
                0x0000000040084530       0xae /home/jamster/esp/blink/build/freertos/libfreertos.a(tasks.o)
                                         0xbe (size before relaxing)
 *fill*         0x00000000400845de        0x2 
 .text.prvResetNextTaskUnblockTime
                0x00000000400845e0       0x2a /home/jamster/esp/blink/build/freertos/libfreertos.a(tasks.o)
 *fill*         0x000000004008460a        0x2 
 .text.prvDeleteTLS
                0x000000004008460c       0x2b /home/jamster/esp/blink/build/freertos/libfreertos.a(tasks.o)
                                         0x2e (size before relaxing)
 *fill*         0x0000000040084637        0x1 
 .text.prvDeleteTCB
                0x0000000040084638       0x4e /home/jamster/esp/blink/build/freertos/libfreertos.a(tasks.o)
                                         0x55 (size before relaxing)
 *fill*         0x0000000040084686        0x2 
 .text.prvAddCurrentTaskToDelayedList
                0x0000000040084688       0x56 /home/jamster/esp/blink/build/freertos/libfreertos.a(tasks.o)
                                         0x5a (size before relaxing)
 *fill*         0x00000000400846de        0x2 
 .text.taskYIELD_OTHER_CORE
                0x00000000400846e0       0x53 /home/jamster/esp/blink/build/freertos/libfreertos.a(tasks.o)
                                         0x56 (size before relaxing)
                0x00000000400846e0                taskYIELD_OTHER_CORE
 *fill*         0x0000000040084733        0x1 
 .text.vTaskSuspendAll
                0x0000000040084734       0x26 /home/jamster/esp/blink/build/freertos/libfreertos.a(tasks.o)
                0x0000000040084734                vTaskSuspendAll
 *fill*         0x000000004008475a        0x2 
 .text.xTaskGetIdleTaskHandleForCPU
                0x000000004008475c       0x2a /home/jamster/esp/blink/build/freertos/libfreertos.a(tasks.o)
                                         0x2e (size before relaxing)
                0x000000004008475c                xTaskGetIdleTaskHandleForCPU
 *fill*         0x0000000040084786        0x2 
 .text.vTaskSwitchContext
                0x0000000040084788      0x1a3 /home/jamster/esp/blink/build/freertos/libfreertos.a(tasks.o)
                                        0x1af (size before relaxing)
                0x0000000040084788                vTaskSwitchContext
 *fill*         0x000000004008492b        0x1 
 .text.vTaskSetTimeOutState
                0x000000004008492c       0x34 /home/jamster/esp/blink/build/freertos/libfreertos.a(tasks.o)
                0x000000004008492c                vTaskSetTimeOutState
 .text.xTaskGetCurrentTaskHandle
                0x0000000040084960       0x1f /home/jamster/esp/blink/build/freertos/libfreertos.a(tasks.o)
                0x0000000040084960                xTaskGetCurrentTaskHandle
 *fill*         0x000000004008497f        0x1 
 .text.__getreent
                0x0000000040084980       0x12 /home/jamster/esp/blink/build/freertos/libfreertos.a(tasks.o)
                                         0x16 (size before relaxing)
                0x0000000040084980                __getreent
 *fill*         0x0000000040084992        0x2 
 .text.pcTaskGetTaskName
                0x0000000040084994       0x28 /home/jamster/esp/blink/build/freertos/libfreertos.a(tasks.o)
                                         0x2f (size before relaxing)
                0x0000000040084994                pcTaskGetTaskName
 *fill*         0x00000000400849bc        0x0 
 .text.xTaskGetAffinity
                0x00000000400849bc       0x12 /home/jamster/esp/blink/build/freertos/libfreertos.a(tasks.o)
                0x00000000400849bc                xTaskGetAffinity
 *fill*         0x00000000400849ce        0x2 
 .text.xTaskGetCurrentTaskHandleForCPU
                0x00000000400849d0       0x17 /home/jamster/esp/blink/build/freertos/libfreertos.a(tasks.o)
                0x00000000400849d0                xTaskGetCurrentTaskHandleForCPU
 *fill*         0x00000000400849e7        0x1 
 .text.xTaskGetSchedulerState
                0x00000000400849e8       0x34 /home/jamster/esp/blink/build/freertos/libfreertos.a(tasks.o)
                0x00000000400849e8                xTaskGetSchedulerState
 .text.vTaskEnterCritical
                0x0000000040084a1c       0xa2 /home/jamster/esp/blink/build/freertos/libfreertos.a(tasks.o)
                0x0000000040084a1c                vTaskEnterCritical
 *fill*         0x0000000040084abe        0x2 
 .text.vTaskExitCritical
                0x0000000040084ac0       0x72 /home/jamster/esp/blink/build/freertos/libfreertos.a(tasks.o)
                0x0000000040084ac0                vTaskExitCritical
 *fill*         0x0000000040084b32        0x2 
 .text.prvAddNewTaskToReadyList$isra$9
                0x0000000040084b34      0x180 /home/jamster/esp/blink/build/freertos/libfreertos.a(tasks.o)
                                        0x1a4 (size before relaxing)
 .text.xTaskCreatePinnedToCore
                0x0000000040084cb4       0x64 /home/jamster/esp/blink/build/freertos/libfreertos.a(tasks.o)
                                         0x70 (size before relaxing)
                0x0000000040084cb4                xTaskCreatePinnedToCore
 .text.vTaskStartScheduler
                0x0000000040084d18       0x70 /home/jamster/esp/blink/build/freertos/libfreertos.a(tasks.o)
                                         0x7c (size before relaxing)
                0x0000000040084d18                vTaskStartScheduler
 .text.vTaskDelete
                0x0000000040084d88      0x102 /home/jamster/esp/blink/build/freertos/libfreertos.a(tasks.o)
                                        0x11a (size before relaxing)
                0x0000000040084d88                vTaskDelete
 *fill*         0x0000000040084e8a        0x2 
 .text.vTaskDelay
                0x0000000040084e8c       0x6a /home/jamster/esp/blink/build/freertos/libfreertos.a(tasks.o)
                                         0x7a (size before relaxing)
                0x0000000040084e8c                vTaskDelay
 *fill*         0x0000000040084ef6        0x2 
 .text.uxTaskPriorityGetFromISR
                0x0000000040084ef8       0x20 /home/jamster/esp/blink/build/freertos/libfreertos.a(tasks.o)
                                         0x24 (size before relaxing)
                0x0000000040084ef8                uxTaskPriorityGetFromISR
 .text.uxTaskPriorityGet
                0x0000000040084f18        0xc /home/jamster/esp/blink/build/freertos/libfreertos.a(tasks.o)
                                         0x10 (size before relaxing)
                0x0000000040084f18                uxTaskPriorityGet
 .text.vTaskPrioritySet
                0x0000000040084f24      0x111 /home/jamster/esp/blink/build/freertos/libfreertos.a(tasks.o)
                                        0x127 (size before relaxing)
                0x0000000040084f24                vTaskPrioritySet
 *fill*         0x0000000040085035        0x3 
 .text.prvIdleTask
                0x0000000040085038       0xd5 /home/jamster/esp/blink/build/freertos/libfreertos.a(tasks.o)
                                         0xe1 (size before relaxing)
 *fill*         0x000000004008510d        0x3 
 .text.xTaskGetTickCountFromISR
                0x0000000040085110       0x1c /home/jamster/esp/blink/build/freertos/libfreertos.a(tasks.o)
                                         0x20 (size before relaxing)
                0x0000000040085110                xTaskGetTickCountFromISR
 .text.xTaskGetTickCount
                0x000000004008512c        0xa /home/jamster/esp/blink/build/freertos/libfreertos.a(tasks.o)
                                          0xd (size before relaxing)
                0x000000004008512c                xTaskGetTickCount
 *fill*         0x0000000040085136        0x2 
 .text.xTaskIncrementTick
                0x0000000040085138      0x19b /home/jamster/esp/blink/build/freertos/libfreertos.a(tasks.o)
                                        0x1b7 (size before relaxing)
                0x0000000040085138                xTaskIncrementTick
 *fill*         0x00000000400852d3        0x1 
 .text.xTaskResumeAll
                0x00000000400852d4      0x153 /home/jamster/esp/blink/build/freertos/libfreertos.a(tasks.o)
                                        0x16b (size before relaxing)
                0x00000000400852d4                xTaskResumeAll
 *fill*         0x0000000040085427        0x1 
 .text.vTaskPlaceOnEventList
                0x0000000040085428       0x74 /home/jamster/esp/blink/build/freertos/libfreertos.a(tasks.o)
                                         0x88 (size before relaxing)
                0x0000000040085428                vTaskPlaceOnEventList
 .text.vTaskPlaceOnEventListRestricted
                0x000000004008549c       0x5e /home/jamster/esp/blink/build/freertos/libfreertos.a(tasks.o)
                                         0x6e (size before relaxing)
                0x000000004008549c                vTaskPlaceOnEventListRestricted
 *fill*         0x00000000400854fa        0x2 
 .text.xTaskRemoveFromEventList
                0x00000000400854fc      0x108 /home/jamster/esp/blink/build/freertos/libfreertos.a(tasks.o)
                                        0x11a (size before relaxing)
                0x00000000400854fc                xTaskRemoveFromEventList
 *fill*         0x0000000040085604        0x0 
 .text.xTaskCheckForTimeOut
                0x0000000040085604       0x70 /home/jamster/esp/blink/build/freertos/libfreertos.a(tasks.o)
                                         0x78 (size before relaxing)
                0x0000000040085604                xTaskCheckForTimeOut
 .text.vTaskPriorityInherit
                0x0000000040085674       0xb3 /home/jamster/esp/blink/build/freertos/libfreertos.a(tasks.o)
                                         0xc6 (size before relaxing)
                0x0000000040085674                vTaskPriorityInherit
 *fill*         0x0000000040085727        0x1 
 .text.xTaskPriorityDisinherit
                0x0000000040085728       0x8a /home/jamster/esp/blink/build/freertos/libfreertos.a(tasks.o)
                                         0x9a (size before relaxing)
                0x0000000040085728                xTaskPriorityDisinherit
 *fill*         0x00000000400857b2        0x2 
 .text.pvTaskIncrementMutexHeldCount
                0x00000000400857b4       0x42 /home/jamster/esp/blink/build/freertos/libfreertos.a(tasks.o)
                                         0x46 (size before relaxing)
                0x00000000400857b4                pvTaskIncrementMutexHeldCount
 *fill*         0x00000000400857f6        0x2 
 .text.prvInsertTimerInActiveList
                0x00000000400857f8       0x3a /home/jamster/esp/blink/build/freertos/libfreertos.a(timers.o)
 *fill*         0x0000000040085832        0x2 
 .text.prvCheckForValidListAndQueue
                0x0000000040085834       0x60 /home/jamster/esp/blink/build/freertos/libfreertos.a(timers.o)
                                         0x78 (size before relaxing)
 .text.xTimerCreateTimerTask
                0x0000000040085894       0x43 /home/jamster/esp/blink/build/freertos/libfreertos.a(timers.o)
                                         0x47 (size before relaxing)
                0x0000000040085894                xTimerCreateTimerTask
 *fill*         0x00000000400858d7        0x1 
 .text.xTimerGenericCommand
                0x00000000400858d8       0x3e /home/jamster/esp/blink/build/freertos/libfreertos.a(timers.o)
                                         0x46 (size before relaxing)
                0x00000000400858d8                xTimerGenericCommand
 *fill*         0x0000000040085916        0x2 
 .text.prvSwitchTimerLists
                0x0000000040085918       0x70 /home/jamster/esp/blink/build/freertos/libfreertos.a(timers.o)
                                         0x7c (size before relaxing)
 .text.prvTimerTask
                0x0000000040085988      0x18a /home/jamster/esp/blink/build/freertos/libfreertos.a(timers.o)
                                        0x1be (size before relaxing)
 *fill*         0x0000000040085b12        0x2 
 .text          0x0000000040085b14      0x12b /home/jamster/esp/blink/build/freertos/libfreertos.a(xtensa_context.o)
                0x0000000040085b14                _xt_context_save
                0x0000000040085b7c                _xt_context_restore
                0x0000000040085bc0                _xt_coproc_init
                0x0000000040085bd4                _xt_coproc_release
                0x0000000040085c00                _xt_coproc_savecs
                0x0000000040085c20                _xt_coproc_restorecs
 *fill*         0x0000000040085c3f        0x1 
 .text          0x0000000040085c40      0x1d0 /home/jamster/esp/blink/build/freertos/libfreertos.a(portasm.o)
                0x0000000040085c40                _frxt_setup_switch
                0x0000000040085c58                _frxt_int_enter
                0x0000000040085ca0                _frxt_int_exit
                0x0000000040085cf0                _frxt_timer_int
                0x0000000040085d18                _frxt_tick_timer_init
                0x0000000040085d30                _frxt_dispatch
                0x0000000040085d78                vPortYield
                0x0000000040085dc4                vPortYieldFromInt
                0x0000000040085de4                _frxt_task_coproc_state
 *fill*         0x0000000040085e10        0x0 
 *fill*         0x0000000040085e10        0x0 
 *fill*         0x0000000040085e10        0x0 
 *fill*         0x0000000040085e10        0x0 
 *fill*         0x0000000040085e10        0x0 
 *fill*         0x0000000040085e10        0x0 
 *fill*         0x0000000040085e10        0x0 
 *fill*         0x0000000040085e10        0x0 
 *fill*         0x0000000040085e10        0x0 
 *fill*         0x0000000040085e10        0x0 
 *fill*         0x0000000040085e10        0x0 
 *fill*         0x0000000040085e10        0x0 
 *fill*         0x0000000040085e10        0x0 
 *fill*         0x0000000040085e10        0x0 
 *fill*         0x0000000040085e10        0x0 
 *fill*         0x0000000040085e10        0x0 
 .text.vListInitialise
                0x0000000040085e10       0x15 /home/jamster/esp/blink/build/freertos/libfreertos.a(list.o)
                0x0000000040085e10                vListInitialise
 *fill*         0x0000000040085e25        0x3 
 .text.vListInitialiseItem
                0x0000000040085e28        0x9 /home/jamster/esp/blink/build/freertos/libfreertos.a(list.o)
                0x0000000040085e28                vListInitialiseItem
 *fill*         0x0000000040085e31        0x3 
 .text.vListInsertEnd
                0x0000000040085e34       0x1b /home/jamster/esp/blink/build/freertos/libfreertos.a(list.o)
                0x0000000040085e34                vListInsertEnd
 *fill*         0x0000000040085e4f        0x1 
 .text.vListInsert
                0x0000000040085e50       0x2d /home/jamster/esp/blink/build/freertos/libfreertos.a(list.o)
                0x0000000040085e50                vListInsert
 *fill*         0x0000000040085e7d        0x3 
 .text.uxListRemove
                0x0000000040085e80       0x22 /home/jamster/esp/blink/build/freertos/libfreertos.a(list.o)
                0x0000000040085e80                uxListRemove
 *fill*         0x0000000040085ea2        0x0 
 *fill*         0x0000000040085ea2        0x0 
 *fill*         0x0000000040085ea2        0x0 
 *fill*         0x0000000040085ea2        0x0 
 *fill*         0x0000000040085ea2        0x0 
 *fill*         0x0000000040085ea2        0x2 
 .text.vPortStoreTaskMPUSettings
                0x0000000040085ea4       0x11 /home/jamster/esp/blink/build/freertos/libfreertos.a(port.o)
                0x0000000040085ea4                vPortStoreTaskMPUSettings
 *fill*         0x0000000040085eb5        0x0 
 *fill*         0x0000000040085eb5        0x0 
 *fill*         0x0000000040085eb5        0x0 
 *fill*         0x0000000040085eb5        0x0 
 *fill*         0x0000000040085eb5        0x0 
 *fill*         0x0000000040085eb5        0x0 
 *fill*         0x0000000040085eb5        0x0 
 *fill*         0x0000000040085eb5        0x0 
 *fill*         0x0000000040085eb5        0x0 
 *fill*         0x0000000040085eb5        0x0 
 *fill*         0x0000000040085eb5        0x0 
 *fill*         0x0000000040085eb5        0x0 
 *fill*         0x0000000040085eb5        0x0 
 *fill*         0x0000000040085eb5        0x0 
 *fill*         0x0000000040085eb5        0x0 
 *fill*         0x0000000040085eb5        0x0 
 *fill*         0x0000000040085eb5        0x0 
 *fill*         0x0000000040085eb5        0x0 
 *fill*         0x0000000040085eb5        0x0 
 *fill*         0x0000000040085eb5        0x0 
 *fill*         0x0000000040085eb5        0x0 
 *fill*         0x0000000040085eb5        0x0 
 *fill*         0x0000000040085eb5        0x0 
 *fill*         0x0000000040085eb5        0x0 
 *fill*         0x0000000040085eb5        0x0 
 *fill*         0x0000000040085eb5        0x0 
 *fill*         0x0000000040085eb5        0x0 
 *fill*         0x0000000040085eb5        0x0 
 *fill*         0x0000000040085eb5        0x0 
 *fill*         0x0000000040085eb5        0x0 
 *fill*         0x0000000040085eb5        0x0 
 *fill*         0x0000000040085eb5        0x0 
 *fill*         0x0000000040085eb5        0x0 
 *fill*         0x0000000040085eb5        0x0 
 *fill*         0x0000000040085eb5        0x0 
 *fill*         0x0000000040085eb5        0x0 
 *fill*         0x0000000040085eb5        0x0 
 *fill*         0x0000000040085eb5        0x0 
 *fill*         0x0000000040085eb5        0x3 
 .text          0x0000000040085eb8       0x33 /home/jamster/esp/blink/build/freertos/libfreertos.a(xtensa_intr_asm.o)
                0x0000000040085eb8                xt_ints_on
                0x0000000040085ed0                xt_ints_off
 *libheap.a:multi_heap.o(.literal .text .literal.* .text.*)
 *fill*         0x0000000040085eeb        0x1 
 .text.get_next_block
                0x0000000040085eec       0x25 /home/jamster/esp/blink/build/heap/libheap.a(multi_heap.o)
 *fill*         0x0000000040085f11        0x3 
 .text.multi_heap_assert$constprop$5
                0x0000000040085f14       0x18 /home/jamster/esp/blink/build/heap/libheap.a(multi_heap.o)
                                         0x1c (size before relaxing)
 .text.get_prev_free_block
                0x0000000040085f2c       0x56 /home/jamster/esp/blink/build/heap/libheap.a(multi_heap.o)
                                         0x61 (size before relaxing)
 *fill*         0x0000000040085f82        0x2 
 .text.split_if_necessary
                0x0000000040085f84       0xf6 /home/jamster/esp/blink/build/heap/libheap.a(multi_heap.o)
                                        0x10e (size before relaxing)
 *fill*         0x000000004008607a        0x2 
 .text.merge_adjacent
                0x000000004008607c       0xfc /home/jamster/esp/blink/build/heap/libheap.a(multi_heap.o)
                                        0x110 (size before relaxing)
 .text.assert_valid_block
                0x0000000040086178       0x6a /home/jamster/esp/blink/build/heap/libheap.a(multi_heap.o)
                                         0x71 (size before relaxing)
 *fill*         0x00000000400861e2        0x2 
 .text.multi_heap_get_allocated_size_impl
                0x00000000400861e4       0x29 /home/jamster/esp/blink/build/heap/libheap.a(multi_heap.o)
                                         0x31 (size before relaxing)
                0x00000000400861e4                multi_heap_get_allocated_size
                0x00000000400861e4                multi_heap_get_allocated_size_impl
 *fill*         0x000000004008620d        0x3 
 .text.multi_heap_internal_lock
                0x0000000040086210        0xc /home/jamster/esp/blink/build/heap/libheap.a(multi_heap.o)
                                          0xf (size before relaxing)
                0x0000000040086210                multi_heap_internal_lock
 *fill*         0x000000004008621c        0x0 
 .text.multi_heap_internal_unlock
                0x000000004008621c        0xc /home/jamster/esp/blink/build/heap/libheap.a(multi_heap.o)
                                          0xf (size before relaxing)
                0x000000004008621c                multi_heap_internal_unlock
 *fill*         0x0000000040086228        0x0 
 .text.multi_heap_malloc_impl
                0x0000000040086228       0xcc /home/jamster/esp/blink/build/heap/libheap.a(multi_heap.o)
                                         0xe0 (size before relaxing)
                0x0000000040086228                multi_heap_malloc
                0x0000000040086228                multi_heap_malloc_impl
 .text.multi_heap_free_impl
                0x00000000400862f4       0xcf /home/jamster/esp/blink/build/heap/libheap.a(multi_heap.o)
                                         0xfa (size before relaxing)
                0x00000000400862f4                multi_heap_free
                0x00000000400862f4                multi_heap_free_impl
 *fill*         0x00000000400863c3        0x1 
 .text.multi_heap_realloc_impl
                0x00000000400863c4      0x162 /home/jamster/esp/blink/build/heap/libheap.a(multi_heap.o)
                                        0x196 (size before relaxing)
                0x00000000400863c4                multi_heap_realloc
                0x00000000400863c4                multi_heap_realloc_impl
 *fill*         0x0000000040086526        0x2 
 .text.block_data_size
                0x0000000040086528       0x19 /home/jamster/esp/blink/build/heap/libheap.a(multi_heap.o)
 *fill*         0x0000000040086541        0x0 
 *fill*         0x0000000040086541        0x0 
 *fill*         0x0000000040086541        0x0 
 *fill*         0x0000000040086541        0x0 
 *fill*         0x0000000040086541        0x0 
 *fill*         0x0000000040086541        0x3 
 .text.multi_heap_register_impl
                0x0000000040086544       0x4b /home/jamster/esp/blink/build/heap/libheap.a(multi_heap.o)
                0x0000000040086544                multi_heap_register_impl
                0x0000000040086544                multi_heap_register
 *fill*         0x000000004008658f        0x1 
 .text.multi_heap_set_lock
                0x0000000040086590        0x7 /home/jamster/esp/blink/build/heap/libheap.a(multi_heap.o)
                0x0000000040086590                multi_heap_set_lock
 *fill*         0x0000000040086597        0x0 
 *fill*         0x0000000040086597        0x0 
 *fill*         0x0000000040086597        0x0 
 *fill*         0x0000000040086597        0x0 
 *libheap.a:multi_heap_poisoning.o(.literal .text .literal.* .text.*)
 *libesp32.a:panic.o(.literal .text .literal.* .text.*)
 *fill*         0x0000000040086597        0x1 
 .text.panicPutChar
                0x0000000040086598       0x1e /home/jamster/esp/blink/build/esp32/libesp32.a(panic.o)
 *fill*         0x00000000400865b6        0x2 
 .text.panicPutStr
                0x00000000400865b8       0x1a /home/jamster/esp/blink/build/esp32/libesp32.a(panic.o)
 *fill*         0x00000000400865d2        0x2 
 .text.panicPutHex
                0x00000000400865d4       0x25 /home/jamster/esp/blink/build/esp32/libesp32.a(panic.o)
                                         0x28 (size before relaxing)
 *fill*         0x00000000400865f9        0x3 
 .text.panicPutDec
                0x00000000400865fc       0x38 /home/jamster/esp/blink/build/esp32/libesp32.a(panic.o)
                                         0x3e (size before relaxing)
 *fill*         0x0000000040086634        0x0 
 .text.unlikely.putEntry
                0x0000000040086634       0x2b /home/jamster/esp/blink/build/esp32/libesp32.a(panic.o)
                                         0x37 (size before relaxing)
 *fill*         0x000000004008665f        0x1 
 .text.invoke_abort
                0x0000000040086660       0x20 /home/jamster/esp/blink/build/esp32/libesp32.a(panic.o)
 .text.unlikely.commonErrorHandler_dump
                0x0000000040086680      0x129 /home/jamster/esp/blink/build/esp32/libesp32.a(panic.o)
                                        0x171 (size before relaxing)
 *fill*         0x00000000400867a9        0x3 
 .text.abort    0x00000000400867ac       0x2a /home/jamster/esp/blink/build/esp32/libesp32.a(panic.o)
                                         0x2d (size before relaxing)
                0x00000000400867ac                abort
 *fill*         0x00000000400867d6        0x2 
 .text.vApplicationStackOverflowHook
                0x00000000400867d8       0x17 /home/jamster/esp/blink/build/esp32/libesp32.a(panic.o)
                                         0x23 (size before relaxing)
                0x00000000400867d8                vApplicationStackOverflowHook
 *fill*         0x00000000400867ef        0x1 
 .text.esp_panic_wdt_stop
                0x00000000400867f0       0x44 /home/jamster/esp/blink/build/esp32/libesp32.a(panic.o)
                0x00000000400867f0                esp_panic_wdt_stop
 .text.commonErrorHandler
                0x0000000040086834      0x187 /home/jamster/esp/blink/build/esp32/libesp32.a(panic.o)
                                        0x19f (size before relaxing)
 *fill*         0x00000000400869bb        0x1 
 .text.panicHandler
                0x00000000400869bc      0x151 /home/jamster/esp/blink/build/esp32/libesp32.a(panic.o)
                                        0x184 (size before relaxing)
                0x00000000400869bc                panicHandler
 *fill*         0x0000000040086b0d        0x3 
 .text.xt_unhandled_exception
                0x0000000040086b10       0x7b /home/jamster/esp/blink/build/esp32/libesp32.a(panic.o)
                                         0xa5 (size before relaxing)
                0x0000000040086b10                xt_unhandled_exception
 *fill*         0x0000000040086b8b        0x1 
 .text._esp_error_check_failed
                0x0000000040086b8c       0x57 /home/jamster/esp/blink/build/esp32/libesp32.a(panic.o)
                                         0x5e (size before relaxing)
                0x0000000040086b8c                _esp_error_check_failed
 *fill*         0x0000000040086be3        0x0 
 *fill*         0x0000000040086be3        0x0 
 *fill*         0x0000000040086be3        0x0 
 *fill*         0x0000000040086be3        0x1 
 .text.setFirstBreakpoint
                0x0000000040086be4       0x13 /home/jamster/esp/blink/build/esp32/libesp32.a(panic.o)
 *fill*         0x0000000040086bf7        0x0 
 *fill*         0x0000000040086bf7        0x0 
 *fill*         0x0000000040086bf7        0x0 
 *fill*         0x0000000040086bf7        0x0 
 *fill*         0x0000000040086bf7        0x0 
 *fill*         0x0000000040086bf7        0x0 
 *fill*         0x0000000040086bf7        0x0 
 *libesp32.a:core_dump.o(.literal .text .literal.* .text.*)
 *libapp_trace.a:(.literal .text .literal.* .text.*)
 *libxtensa-debug-module.a:eri.o(.literal .text .literal.* .text.*)
 *fill*         0x0000000040086bf7        0x1 
 .text.eri_write
                0x0000000040086bf8        0x8 /home/jamster/esp/blink/build/xtensa-debug-module/libxtensa-debug-module.a(eri.o)
                0x0000000040086bf8                eri_write
 *librtc.a:(.literal .text .literal.* .text.*)
 *libsoc.a:rtc_*.o(.literal .text .literal.* .text.*)
 .text.rtc_clk_cal_internal
                0x0000000040086c00      0x176 /home/jamster/esp/blink/build/soc/libsoc.a(rtc_time.o)
                                        0x182 (size before relaxing)
 *fill*         0x0000000040086d76        0x2 
 .text.rtc_clk_cal
                0x0000000040086d78       0x4c /home/jamster/esp/blink/build/soc/libsoc.a(rtc_time.o)
                                         0x54 (size before relaxing)
                0x0000000040086d78                rtc_clk_cal
 .text.rtc_time_get
                0x0000000040086dc4       0x50 /home/jamster/esp/blink/build/soc/libsoc.a(rtc_time.o)
                0x0000000040086dc4                rtc_time_get
 .text.rtc_clk_wait_for_slow_cycle
                0x0000000040086e14       0x68 /home/jamster/esp/blink/build/soc/libsoc.a(rtc_time.o)
                0x0000000040086e14                rtc_clk_wait_for_slow_cycle
 .text.rtc_init
                0x0000000040086e7c      0x338 /home/jamster/esp/blink/build/soc/libsoc.a(rtc_init.o)
                                        0x35c (size before relaxing)
                0x0000000040086e7c                rtc_init
 .text.rtc_clk_32k_enable_internal$constprop$4
                0x00000000400871b4       0x6f /home/jamster/esp/blink/build/soc/libsoc.a(rtc_clk.o)
 *fill*         0x0000000040087223        0x1 
 .text.rtc_clk_32k_enable
                0x0000000040087224       0x29 /home/jamster/esp/blink/build/soc/libsoc.a(rtc_clk.o)
                0x0000000040087224                rtc_clk_32k_enable
 *fill*         0x000000004008724d        0x3 
 .text.rtc_clk_32k_bootstrap
                0x0000000040087250       0x96 /home/jamster/esp/blink/build/soc/libsoc.a(rtc_clk.o)
                                         0x9a (size before relaxing)
                0x0000000040087250                rtc_clk_32k_bootstrap
 *fill*         0x00000000400872e6        0x2 
 .text.rtc_clk_slow_freq_set
                0x00000000400872e8       0x44 /home/jamster/esp/blink/build/soc/libsoc.a(rtc_clk.o)
                0x00000000400872e8                rtc_clk_slow_freq_set
 .text.rtc_clk_slow_freq_get_hz